[0.122s] DEBUG:colcon:Command line arguments: ['/usr/bin/colcon', 'build']
[0.122s] DEBUG:colcon:Parsed command line arguments: Namespace(log_base=None, log_level=None, verb_name='build', build_base='build', install_base='install', merge_install=False, symlink_install=False, test_result_base=None, continue_on_error=False, executor='parallel', parallel_workers=12, event_handlers=None, ignore_user_meta=False, metas=['./colcon.meta'], base_paths=['.'], packages_ignore=None, packages_ignore_regex=None, paths=None, packages_up_to=None, packages_up_to_regex=None, packages_above=None, packages_above_and_dependencies=None, packages_above_depth=None, packages_select_by_dep=None, packages_skip_by_dep=None, packages_skip_up_to=None, packages_select_build_failed=False, packages_skip_build_finished=False, packages_select_test_failures=False, packages_skip_test_passed=False, packages_select=None, packages_skip=None, packages_select_regex=None, packages_skip_regex=None, packages_start=None, packages_end=None, cmake_args=None, cmake_target=None, cmake_target_skip_unavailable=False, cmake_clean_cache=False, cmake_clean_first=False, cmake_force_configure=False, ament_cmake_args=None, catkin_cmake_args=None, catkin_skip_building_tests=False, mixin_files=None, mixin=None, verb_parser=<colcon_mixin.mixin.mixin_argument.MixinArgumentDecorator object at 0x7007b2c997c0>, verb_extension=<colcon_core.verb.build.BuildVerb object at 0x7007b3729700>, main=<bound method BuildVerb.main of <colcon_core.verb.build.BuildVerb object at 0x7007b3729700>>, mixin_verb=('build',))
[0.173s] Level 1:colcon.colcon_core.package_discovery:discover_packages(colcon_meta) check parameters
[0.174s] Level 1:colcon.colcon_core.package_discovery:discover_packages(recursive) check parameters
[0.174s] Level 1:colcon.colcon_core.package_discovery:discover_packages(ignore) check parameters
[0.174s] Level 1:colcon.colcon_core.package_discovery:discover_packages(path) check parameters
[0.174s] Level 1:colcon.colcon_core.package_discovery:discover_packages(colcon_meta) discover
[0.174s] Level 1:colcon.colcon_core.package_discovery:discover_packages(recursive) discover
[0.174s] INFO:colcon.colcon_core.package_discovery:Crawling recursively for packages in '/home/oit/ros2_ws/src'
[0.174s] Level 1:colcon.colcon_core.package_identification:_identify(.) by extensions ['ignore', 'ignore_ament_install']
[0.174s] Level 1:colcon.colcon_core.package_identification:_identify(.) by extension 'ignore'
[0.174s] Level 1:colcon.colcon_core.package_identification:_identify(.) by extension 'ignore_ament_install'
[0.174s] Level 1:colcon.colcon_core.package_identification:_identify(.) by extensions ['colcon_pkg']
[0.174s] Level 1:colcon.colcon_core.package_identification:_identify(.) by extension 'colcon_pkg'
[0.174s] Level 1:colcon.colcon_core.package_identification:_identify(.) by extensions ['colcon_meta']
[0.174s] Level 1:colcon.colcon_core.package_identification:_identify(.) by extension 'colcon_meta'
[0.174s] Level 1:colcon.colcon_core.package_identification:_identify(.) by extensions ['ros']
[0.174s] Level 1:colcon.colcon_core.package_identification:_identify(.) by extension 'ros'
[0.200s] Level 1:colcon.colcon_core.package_identification:_identify(.) by extensions ['cmake', 'python']
[0.200s] Level 1:colcon.colcon_core.package_identification:_identify(.) by extension 'cmake'
[0.200s] Level 1:colcon.colcon_core.package_identification:_identify(.) by extension 'python'
[0.200s] Level 1:colcon.colcon_core.package_identification:_identify(.) by extensions ['python_setup_py']
[0.200s] Level 1:colcon.colcon_core.package_identification:_identify(.) by extension 'python_setup_py'
[0.200s] Level 1:colcon.colcon_core.package_identification:_identify(aruco_vision) by extensions ['ignore', 'ignore_ament_install']
[0.201s] Level 1:colcon.colcon_core.package_identification:_identify(aruco_vision) by extension 'ignore'
[0.201s] Level 1:colcon.colcon_core.package_identification:_identify(aruco_vision) by extension 'ignore_ament_install'
[0.201s] Level 1:colcon.colcon_core.package_identification:_identify(aruco_vision) by extensions ['colcon_pkg']
[0.201s] Level 1:colcon.colcon_core.package_identification:_identify(aruco_vision) by extension 'colcon_pkg'
[0.201s] Level 1:colcon.colcon_core.package_identification:_identify(aruco_vision) by extensions ['colcon_meta']
[0.201s] Level 1:colcon.colcon_core.package_identification:_identify(aruco_vision) by extension 'colcon_meta'
[0.201s] Level 1:colcon.colcon_core.package_identification:_identify(aruco_vision) by extensions ['ros']
[0.201s] Level 1:colcon.colcon_core.package_identification:_identify(aruco_vision) by extension 'ros'
[0.205s] DEBUG:colcon.colcon_core.package_identification:Package 'aruco_vision' with type 'ros.ament_cmake' and name 'aruco_vision'
[0.205s] Level 1:colcon.colcon_core.package_identification:_identify(build) by extensions ['ignore', 'ignore_ament_install']
[0.205s] Level 1:colcon.colcon_core.package_identification:_identify(build) by extension 'ignore'
[0.205s] Level 1:colcon.colcon_core.package_identification:_identify(build) ignored
[0.205s] Level 1:colcon.colcon_core.package_identification:_identify(install) by extensions ['ignore', 'ignore_ament_install']
[0.205s] Level 1:colcon.colcon_core.package_identification:_identify(install) by extension 'ignore'
[0.205s] Level 1:colcon.colcon_core.package_identification:_identify(install) ignored
[0.205s] Level 1:colcon.colcon_core.package_identification:_identify(log) by extensions ['ignore', 'ignore_ament_install']
[0.205s] Level 1:colcon.colcon_core.package_identification:_identify(log) by extension 'ignore'
[0.205s] Level 1:colcon.colcon_core.package_identification:_identify(log) ignored
[0.205s] Level 1:colcon.colcon_core.package_identification:_identify(py_pubsub) by extensions ['ignore', 'ignore_ament_install']
[0.205s] Level 1:colcon.colcon_core.package_identification:_identify(py_pubsub) by extension 'ignore'
[0.205s] Level 1:colcon.colcon_core.package_identification:_identify(py_pubsub) by extension 'ignore_ament_install'
[0.205s] Level 1:colcon.colcon_core.package_identification:_identify(py_pubsub) by extensions ['colcon_pkg']
[0.205s] Level 1:colcon.colcon_core.package_identification:_identify(py_pubsub) by extension 'colcon_pkg'
[0.205s] Level 1:colcon.colcon_core.package_identification:_identify(py_pubsub) by extensions ['colcon_meta']
[0.205s] Level 1:colcon.colcon_core.package_identification:_identify(py_pubsub) by extension 'colcon_meta'
[0.206s] Level 1:colcon.colcon_core.package_identification:_identify(py_pubsub) by extensions ['ros']
[0.206s] Level 1:colcon.colcon_core.package_identification:_identify(py_pubsub) by extension 'ros'
[0.206s] DEBUG:colcon.colcon_core.package_identification:Package 'py_pubsub' with type 'ros.ament_python' and name 'py_pubsub'
[0.206s] Level 1:colcon.colcon_core.package_discovery:discover_packages(recursive) using defaults
[0.206s] Level 1:colcon.colcon_core.package_discovery:discover_packages(ignore) discover
[0.206s] Level 1:colcon.colcon_core.package_discovery:discover_packages(ignore) using defaults
[0.206s] Level 1:colcon.colcon_core.package_discovery:discover_packages(path) discover
[0.206s] Level 1:colcon.colcon_core.package_discovery:discover_packages(path) using defaults
[0.225s] Level 5:colcon.colcon_core.verb:set package 'aruco_vision' build argument 'cmake_args' from command line to 'None'
[0.225s] Level 5:colcon.colcon_core.verb:set package 'aruco_vision' build argument 'cmake_target' from command line to 'None'
[0.225s] Level 5:colcon.colcon_core.verb:set package 'aruco_vision' build argument 'cmake_target_skip_unavailable' from command line to 'False'
[0.225s] Level 5:colcon.colcon_core.verb:set package 'aruco_vision' build argument 'cmake_clean_cache' from command line to 'False'
[0.225s] Level 5:colcon.colcon_core.verb:set package 'aruco_vision' build argument 'cmake_clean_first' from command line to 'False'
[0.225s] Level 5:colcon.colcon_core.verb:set package 'aruco_vision' build argument 'cmake_force_configure' from command line to 'False'
[0.225s] Level 5:colcon.colcon_core.verb:set package 'aruco_vision' build argument 'ament_cmake_args' from command line to 'None'
[0.225s] Level 5:colcon.colcon_core.verb:set package 'aruco_vision' build argument 'catkin_cmake_args' from command line to 'None'
[0.225s] Level 5:colcon.colcon_core.verb:set package 'aruco_vision' build argument 'catkin_skip_building_tests' from command line to 'False'
[0.225s] DEBUG:colcon.colcon_core.verb:Building package 'aruco_vision' with the following arguments: {'ament_cmake_args': None, 'build_base': '/home/oit/ros2_ws/src/build/aruco_vision', 'catkin_cmake_args': None, 'catkin_skip_building_tests': False, 'cmake_args': None, 'cmake_clean_cache': False, 'cmake_clean_first': False, 'cmake_force_configure': False, 'cmake_target': None, 'cmake_target_skip_unavailable': False, 'install_base': '/home/oit/ros2_ws/src/install/aruco_vision', 'merge_install': False, 'path': '/home/oit/ros2_ws/src/aruco_vision', 'symlink_install': False, 'test_result_base': None}
[0.226s] Level 5:colcon.colcon_core.verb:set package 'py_pubsub' build argument 'cmake_args' from command line to 'None'
[0.226s] Level 5:colcon.colcon_core.verb:set package 'py_pubsub' build argument 'cmake_target' from command line to 'None'
[0.226s] Level 5:colcon.colcon_core.verb:set package 'py_pubsub' build argument 'cmake_target_skip_unavailable' from command line to 'False'
[0.226s] Level 5:colcon.colcon_core.verb:set package 'py_pubsub' build argument 'cmake_clean_cache' from command line to 'False'
[0.226s] Level 5:colcon.colcon_core.verb:set package 'py_pubsub' build argument 'cmake_clean_first' from command line to 'False'
[0.226s] Level 5:colcon.colcon_core.verb:set package 'py_pubsub' build argument 'cmake_force_configure' from command line to 'False'
[0.226s] Level 5:colcon.colcon_core.verb:set package 'py_pubsub' build argument 'ament_cmake_args' from command line to 'None'
[0.226s] Level 5:colcon.colcon_core.verb:set package 'py_pubsub' build argument 'catkin_cmake_args' from command line to 'None'
[0.226s] Level 5:colcon.colcon_core.verb:set package 'py_pubsub' build argument 'catkin_skip_building_tests' from command line to 'False'
[0.226s] DEBUG:colcon.colcon_core.verb:Building package 'py_pubsub' with the following arguments: {'ament_cmake_args': None, 'build_base': '/home/oit/ros2_ws/src/build/py_pubsub', 'catkin_cmake_args': None, 'catkin_skip_building_tests': False, 'cmake_args': None, 'cmake_clean_cache': False, 'cmake_clean_first': False, 'cmake_force_configure': False, 'cmake_target': None, 'cmake_target_skip_unavailable': False, 'install_base': '/home/oit/ros2_ws/src/install/py_pubsub', 'merge_install': False, 'path': '/home/oit/ros2_ws/src/py_pubsub', 'symlink_install': False, 'test_result_base': None}
[0.226s] INFO:colcon.colcon_core.executor:Executing jobs using 'parallel' executor
[0.226s] DEBUG:colcon.colcon_parallel_executor.executor.parallel:run_until_complete
[0.227s] INFO:colcon.colcon_ros.task.ament_cmake.build:Building ROS package in '/home/oit/ros2_ws/src/aruco_vision' with build type 'ament_cmake'
[0.227s] INFO:colcon.colcon_cmake.task.cmake.build:Building CMake package in '/home/oit/ros2_ws/src/aruco_vision'
[0.230s] INFO:colcon.colcon_core.plugin_system:Skipping extension 'colcon_core.shell.bat': Not used on non-Windows systems
[0.230s] INFO:colcon.colcon_core.shell:Skip shell extension 'powershell' for command environment: Not usable outside of PowerShell
[0.230s] DEBUG:colcon.colcon_core.shell:Skip shell extension 'dsv' for command environment
[0.235s] INFO:colcon.colcon_ros.task.ament_python.build:Building ROS package in '/home/oit/ros2_ws/src/py_pubsub' with build type 'ament_python'
[0.235s] Level 1:colcon.colcon_core.shell:create_environment_hook('py_pubsub', 'ament_prefix_path')
[0.235s] INFO:colcon.colcon_core.shell:Creating environment hook '/home/oit/ros2_ws/src/install/py_pubsub/share/py_pubsub/hook/ament_prefix_path.ps1'
[0.236s] INFO:colcon.colcon_core.shell:Creating environment descriptor '/home/oit/ros2_ws/src/install/py_pubsub/share/py_pubsub/hook/ament_prefix_path.dsv'
[0.236s] INFO:colcon.colcon_core.shell:Creating environment hook '/home/oit/ros2_ws/src/install/py_pubsub/share/py_pubsub/hook/ament_prefix_path.sh'
[0.237s] INFO:colcon.colcon_core.shell:Skip shell extension 'powershell' for command environment: Not usable outside of PowerShell
[0.237s] DEBUG:colcon.colcon_core.shell:Skip shell extension 'dsv' for command environment
[0.243s] DEBUG:colcon.colcon_core.event_handler.log_command:Invoking command in '/home/oit/ros2_ws/src/build/aruco_vision': CMAKE_PREFIX_PATH=${CMAKE_PREFIX_PATH}:/home/oit/ros2_ws/install/py_pubsub:/opt/ros/jazzy DEBUGINFOD_URLS=https://debuginfod.ubuntu.com /usr/bin/cmake /home/oit/ros2_ws/src/aruco_vision -DCMAKE_INSTALL_PREFIX=/home/oit/ros2_ws/src/install/aruco_vision
[0.444s] INFO:colcon.colcon_core.task.python.build:Building Python package in '/home/oit/ros2_ws/src/py_pubsub'
[0.444s] INFO:colcon.colcon_core.shell:Skip shell extension 'powershell' for command environment: Not usable outside of PowerShell
[0.444s] DEBUG:colcon.colcon_core.shell:Skip shell extension 'dsv' for command environment
[1.137s] DEBUG:colcon.colcon_core.event_handler.log_command:Invoking command in '/home/oit/ros2_ws/src/py_pubsub': DEBUGINFOD_URLS=https://debuginfod.ubuntu.com PYTHONPATH=/home/oit/ros2_ws/src/build/py_pubsub/prefix_override:/usr/lib/python3/dist-packages/colcon_core/task/python/colcon_distutils_commands:/home/oit/ros2_ws/src/install/py_pubsub/lib/python3.12/site-packages:${PYTHONPATH} /usr/bin/python3 -W ignore:setup.py install is deprecated -W ignore:easy_install command is deprecated setup.py egg_info --egg-base ../build/py_pubsub build --build-base /home/oit/ros2_ws/src/build/py_pubsub/build install --record /home/oit/ros2_ws/src/build/py_pubsub/install.log --single-version-externally-managed install_data
[1.571s] DEBUG:colcon.colcon_core.event_handler.log_command:Invoked command in '/home/oit/ros2_ws/src/build/aruco_vision' returned '0': CMAKE_PREFIX_PATH=${CMAKE_PREFIX_PATH}:/home/oit/ros2_ws/install/py_pubsub:/opt/ros/jazzy DEBUGINFOD_URLS=https://debuginfod.ubuntu.com /usr/bin/cmake /home/oit/ros2_ws/src/aruco_vision -DCMAKE_INSTALL_PREFIX=/home/oit/ros2_ws/src/install/aruco_vision
[1.572s] DEBUG:colcon.colcon_core.event_handler.log_command:Invoking command in '/home/oit/ros2_ws/src/build/aruco_vision': CMAKE_PREFIX_PATH=${CMAKE_PREFIX_PATH}:/home/oit/ros2_ws/install/py_pubsub:/opt/ros/jazzy DEBUGINFOD_URLS=https://debuginfod.ubuntu.com /usr/bin/cmake --build /home/oit/ros2_ws/src/build/aruco_vision -- -j12 -l12
[1.672s] DEBUG:colcon.colcon_core.event_handler.log_command:Invoked command in '/home/oit/ros2_ws/src/py_pubsub' returned '0': DEBUGINFOD_URLS=https://debuginfod.ubuntu.com PYTHONPATH=/home/oit/ros2_ws/src/build/py_pubsub/prefix_override:/usr/lib/python3/dist-packages/colcon_core/task/python/colcon_distutils_commands:/home/oit/ros2_ws/src/install/py_pubsub/lib/python3.12/site-packages:${PYTHONPATH} /usr/bin/python3 -W ignore:setup.py install is deprecated -W ignore:easy_install command is deprecated setup.py egg_info --egg-base ../build/py_pubsub build --build-base /home/oit/ros2_ws/src/build/py_pubsub/build install --record /home/oit/ros2_ws/src/build/py_pubsub/install.log --single-version-externally-managed install_data
[1.676s] Level 1:colcon.colcon_core.environment:checking '/home/oit/ros2_ws/src/install/py_pubsub' for CMake module files
[1.678s] Level 1:colcon.colcon_core.environment:checking '/home/oit/ros2_ws/src/install/py_pubsub' for CMake config files
[1.678s] Level 1:colcon.colcon_core.environment:checking '/home/oit/ros2_ws/src/install/py_pubsub/lib'
[1.679s] Level 1:colcon.colcon_core.environment:checking '/home/oit/ros2_ws/src/install/py_pubsub/bin'
[1.679s] Level 1:colcon.colcon_core.environment:checking '/home/oit/ros2_ws/src/install/py_pubsub/lib/pkgconfig/py_pubsub.pc'
[1.679s] Level 1:colcon.colcon_core.environment:checking '/home/oit/ros2_ws/src/install/py_pubsub/lib/python3.12/site-packages'
[1.679s] Level 1:colcon.colcon_core.shell:create_environment_hook('py_pubsub', 'pythonpath')
[1.680s] INFO:colcon.colcon_core.shell:Creating environment hook '/home/oit/ros2_ws/src/install/py_pubsub/share/py_pubsub/hook/pythonpath.ps1'
[1.680s] INFO:colcon.colcon_core.shell:Creating environment descriptor '/home/oit/ros2_ws/src/install/py_pubsub/share/py_pubsub/hook/pythonpath.dsv'
[1.680s] INFO:colcon.colcon_core.shell:Creating environment hook '/home/oit/ros2_ws/src/install/py_pubsub/share/py_pubsub/hook/pythonpath.sh'
[1.681s] Level 1:colcon.colcon_core.environment:checking '/home/oit/ros2_ws/src/install/py_pubsub/bin'
[1.681s] Level 1:colcon.colcon_core.environment:create_environment_scripts_only(py_pubsub)
[1.682s] INFO:colcon.colcon_core.shell:Creating package script '/home/oit/ros2_ws/src/install/py_pubsub/share/py_pubsub/package.ps1'
[1.683s] INFO:colcon.colcon_core.shell:Creating package descriptor '/home/oit/ros2_ws/src/install/py_pubsub/share/py_pubsub/package.dsv'
[1.684s] INFO:colcon.colcon_core.shell:Creating package script '/home/oit/ros2_ws/src/install/py_pubsub/share/py_pubsub/package.sh'
[1.685s] INFO:colcon.colcon_core.shell:Creating package script '/home/oit/ros2_ws/src/install/py_pubsub/share/py_pubsub/package.bash'
[1.686s] INFO:colcon.colcon_core.shell:Creating package script '/home/oit/ros2_ws/src/install/py_pubsub/share/py_pubsub/package.zsh'
[1.686s] Level 1:colcon.colcon_core.environment:create_file_with_runtime_dependencies(/home/oit/ros2_ws/src/install/py_pubsub/share/colcon-core/packages/py_pubsub)
[12.632s] DEBUG:colcon.colcon_core.event_handler.log_command:Invoked command in '/home/oit/ros2_ws/src/build/aruco_vision' returned '0': CMAKE_PREFIX_PATH=${CMAKE_PREFIX_PATH}:/home/oit/ros2_ws/install/py_pubsub:/opt/ros/jazzy DEBUGINFOD_URLS=https://debuginfod.ubuntu.com /usr/bin/cmake --build /home/oit/ros2_ws/src/build/aruco_vision -- -j12 -l12
[12.639s] DEBUG:colcon.colcon_core.event_handler.log_command:Invoking command in '/home/oit/ros2_ws/src/build/aruco_vision': CMAKE_PREFIX_PATH=${CMAKE_PREFIX_PATH}:/home/oit/ros2_ws/install/py_pubsub:/opt/ros/jazzy DEBUGINFOD_URLS=https://debuginfod.ubuntu.com /usr/bin/cmake --install /home/oit/ros2_ws/src/build/aruco_vision
[12.654s] Level 1:colcon.colcon_core.environment:create_environment_scripts_only(aruco_vision)
[12.654s] Level 1:colcon.colcon_core.environment:checking '/home/oit/ros2_ws/src/install/aruco_vision' for CMake module files
[12.655s] DEBUG:colcon.colcon_core.event_handler.log_command:Invoked command in '/home/oit/ros2_ws/src/build/aruco_vision' returned '0': CMAKE_PREFIX_PATH=${CMAKE_PREFIX_PATH}:/home/oit/ros2_ws/install/py_pubsub:/opt/ros/jazzy DEBUGINFOD_URLS=https://debuginfod.ubuntu.com /usr/bin/cmake --install /home/oit/ros2_ws/src/build/aruco_vision
[12.655s] Level 1:colcon.colcon_core.environment:checking '/home/oit/ros2_ws/src/install/aruco_vision' for CMake config files
[12.655s] Level 1:colcon.colcon_core.shell:create_environment_hook('aruco_vision', 'cmake_prefix_path')
[12.655s] INFO:colcon.colcon_core.shell:Creating environment hook '/home/oit/ros2_ws/src/install/aruco_vision/share/aruco_vision/hook/cmake_prefix_path.ps1'
[12.656s] INFO:colcon.colcon_core.shell:Creating environment descriptor '/home/oit/ros2_ws/src/install/aruco_vision/share/aruco_vision/hook/cmake_prefix_path.dsv'
[12.656s] INFO:colcon.colcon_core.shell:Creating environment hook '/home/oit/ros2_ws/src/install/aruco_vision/share/aruco_vision/hook/cmake_prefix_path.sh'
[12.656s] Level 1:colcon.colcon_core.environment:checking '/home/oit/ros2_ws/src/install/aruco_vision/lib'
[12.657s] Level 1:colcon.colcon_core.environment:checking '/home/oit/ros2_ws/src/install/aruco_vision/bin'
[12.657s] Level 1:colcon.colcon_core.environment:checking '/home/oit/ros2_ws/src/install/aruco_vision/lib/pkgconfig/aruco_vision.pc'
[12.657s] Level 1:colcon.colcon_core.environment:checking '/home/oit/ros2_ws/src/install/aruco_vision/lib/python3.12/site-packages'
[12.657s] Level 1:colcon.colcon_core.environment:checking '/home/oit/ros2_ws/src/install/aruco_vision/bin'
[12.657s] INFO:colcon.colcon_core.shell:Creating package script '/home/oit/ros2_ws/src/install/aruco_vision/share/aruco_vision/package.ps1'
[12.658s] INFO:colcon.colcon_core.shell:Creating package descriptor '/home/oit/ros2_ws/src/install/aruco_vision/share/aruco_vision/package.dsv'
[12.658s] INFO:colcon.colcon_core.shell:Creating package script '/home/oit/ros2_ws/src/install/aruco_vision/share/aruco_vision/package.sh'
[12.659s] INFO:colcon.colcon_core.shell:Creating package script '/home/oit/ros2_ws/src/install/aruco_vision/share/aruco_vision/package.bash'
[12.659s] INFO:colcon.colcon_core.shell:Creating package script '/home/oit/ros2_ws/src/install/aruco_vision/share/aruco_vision/package.zsh'
[12.659s] Level 1:colcon.colcon_core.environment:create_file_with_runtime_dependencies(/home/oit/ros2_ws/src/install/aruco_vision/share/colcon-core/packages/aruco_vision)
[12.659s] Level 1:colcon.colcon_core.environment:create_environment_scripts_only(aruco_vision)
[12.660s] Level 1:colcon.colcon_core.environment:checking '/home/oit/ros2_ws/src/install/aruco_vision' for CMake module files
[12.660s] Level 1:colcon.colcon_core.environment:checking '/home/oit/ros2_ws/src/install/aruco_vision' for CMake config files
[12.660s] Level 1:colcon.colcon_core.shell:create_environment_hook('aruco_vision', 'cmake_prefix_path')
[12.660s] INFO:colcon.colcon_core.shell:Creating environment hook '/home/oit/ros2_ws/src/install/aruco_vision/share/aruco_vision/hook/cmake_prefix_path.ps1'
[12.661s] INFO:colcon.colcon_core.shell:Creating environment descriptor '/home/oit/ros2_ws/src/install/aruco_vision/share/aruco_vision/hook/cmake_prefix_path.dsv'
[12.661s] INFO:colcon.colcon_core.shell:Creating environment hook '/home/oit/ros2_ws/src/install/aruco_vision/share/aruco_vision/hook/cmake_prefix_path.sh'
[12.661s] Level 1:colcon.colcon_core.environment:checking '/home/oit/ros2_ws/src/install/aruco_vision/lib'
[12.661s] Level 1:colcon.colcon_core.environment:checking '/home/oit/ros2_ws/src/install/aruco_vision/bin'
[12.661s] Level 1:colcon.colcon_core.environment:checking '/home/oit/ros2_ws/src/install/aruco_vision/lib/pkgconfig/aruco_vision.pc'
[12.662s] Level 1:colcon.colcon_core.environment:checking '/home/oit/ros2_ws/src/install/aruco_vision/lib/python3.12/site-packages'
[12.662s] Level 1:colcon.colcon_core.environment:checking '/home/oit/ros2_ws/src/install/aruco_vision/bin'
[12.662s] INFO:colcon.colcon_core.shell:Creating package script '/home/oit/ros2_ws/src/install/aruco_vision/share/aruco_vision/package.ps1'
[12.663s] INFO:colcon.colcon_core.shell:Creating package descriptor '/home/oit/ros2_ws/src/install/aruco_vision/share/aruco_vision/package.dsv'
[12.663s] INFO:colcon.colcon_core.shell:Creating package script '/home/oit/ros2_ws/src/install/aruco_vision/share/aruco_vision/package.sh'
[12.663s] INFO:colcon.colcon_core.shell:Creating package script '/home/oit/ros2_ws/src/install/aruco_vision/share/aruco_vision/package.bash'
[12.664s] INFO:colcon.colcon_core.shell:Creating package script '/home/oit/ros2_ws/src/install/aruco_vision/share/aruco_vision/package.zsh'
[12.664s] Level 1:colcon.colcon_core.environment:create_file_with_runtime_dependencies(/home/oit/ros2_ws/src/install/aruco_vision/share/colcon-core/packages/aruco_vision)
[12.664s] DEBUG:colcon.colcon_parallel_executor.executor.parallel:closing loop
[12.664s] DEBUG:colcon.colcon_parallel_executor.executor.parallel:loop closed
[12.664s] DEBUG:colcon.colcon_parallel_executor.executor.parallel:run_until_complete finished with '0'
[12.664s] DEBUG:colcon.colcon_core.event_reactor:joining thread
[12.670s] INFO:colcon.colcon_core.plugin_system:Skipping extension 'colcon_notification.desktop_notification.terminal_notifier': Not used on non-Darwin systems
[12.670s] INFO:colcon.colcon_core.plugin_system:Skipping extension 'colcon_notification.desktop_notification.win32': Not used on non-Windows systems
[12.670s] INFO:colcon.colcon_notification.desktop_notification:Sending desktop notification using 'notify2'
[12.687s] DEBUG:colcon.colcon_core.event_reactor:joined thread
[12.687s] INFO:colcon.colcon_core.shell:Creating prefix script '/home/oit/ros2_ws/src/install/local_setup.ps1'
[12.688s] INFO:colcon.colcon_core.shell:Creating prefix util module '/home/oit/ros2_ws/src/install/_local_setup_util_ps1.py'
[12.689s] INFO:colcon.colcon_core.shell:Creating prefix chain script '/home/oit/ros2_ws/src/install/setup.ps1'
[12.690s] INFO:colcon.colcon_core.shell:Creating prefix script '/home/oit/ros2_ws/src/install/local_setup.sh'
[12.691s] INFO:colcon.colcon_core.shell:Creating prefix util module '/home/oit/ros2_ws/src/install/_local_setup_util_sh.py'
[12.691s] INFO:colcon.colcon_core.shell:Creating prefix chain script '/home/oit/ros2_ws/src/install/setup.sh'
[12.693s] INFO:colcon.colcon_core.shell:Creating prefix script '/home/oit/ros2_ws/src/install/local_setup.bash'
[12.693s] INFO:colcon.colcon_core.shell:Creating prefix chain script '/home/oit/ros2_ws/src/install/setup.bash'
[12.694s] INFO:colcon.colcon_core.shell:Creating prefix script '/home/oit/ros2_ws/src/install/local_setup.zsh'
[12.695s] INFO:colcon.colcon_core.shell:Creating prefix chain script '/home/oit/ros2_ws/src/install/setup.zsh'
