-- The C compiler identification is GNU 13.3.0
-- The CXX compiler identification is GNU 13.3.0
-- Detecting C compiler ABI info
-- Detecting C compiler ABI info - done
-- Check for working C compiler: /usr/bin/cc - skipped
-- Detecting C compile features
-- Detecting C compile features - done
-- Detecting CXX compiler ABI info
-- Detecting CXX compiler ABI info - done
-- Check for working CXX compiler: /usr/bin/c++ - skipped
-- Detecting CXX compile features
-- Detecting CXX compile features - done
-- Found ament_cmake: 2.5.6 (/opt/ros/jazzy/share/ament_cmake/cmake)
-- Found Python3: /usr/bin/python3 (found version "3.12.3") found components: Interpreter 
-- Found rclcpp: 28.1.18 (/opt/ros/jazzy/share/rclcpp/cmake)
-- Found rosidl_generator_c: 4.6.7 (/opt/ros/jazzy/share/rosidl_generator_c/cmake)
-- Found rosidl_generator_cpp: 4.6.7 (/opt/ros/jazzy/share/rosidl_generator_cpp/cmake)
-- Using all available rosidl_typesupport_c: rosidl_typesupport_fastrtps_c;rosidl_typesupport_introspection_c
-- Using all available rosidl_typesupport_cpp: rosidl_typesupport_fastrtps_cpp;rosidl_typesupport_introspection_cpp
-- Found rmw_implementation_cmake: 7.3.3 (/opt/ros/jazzy/share/rmw_implementation_cmake/cmake)
-- Found rmw_fastrtps_cpp: 8.4.3 (/opt/ros/jazzy/share/rmw_fastrtps_cpp/cmake)
-- Found OpenSSL: /usr/lib/x86_64-linux-gnu/libcrypto.so (found version "3.0.13")  
-- Found FastRTPS: /opt/ros/jazzy/include (Required is at least version "2.13") 
-- Using RMW implementation 'rmw_fastrtps_cpp' as default
-- Found sensor_msgs: 5.3.7 (/opt/ros/jazzy/share/sensor_msgs/cmake)
-- Found cv_bridge: 4.1.0 (/opt/ros/jazzy/share/cv_bridge/cmake)
-- Found image_transport: 5.1.7 (/opt/ros/jazzy/share/image_transport/cmake)
-- Found OpenCV: /usr (found version "4.6.0") 
-- Configuring done (1.3s)
-- Generating done (0.0s)
-- Build files have been written to: /home/oit/ros2_ws/src/build/aruco_vision
[ 66%] [32mBuilding CXX object CMakeFiles/aruco_detector_node.dir/src/main.cpp.o[0m
[ 66%] [32mBuilding CXX object CMakeFiles/aruco_detector_node.dir/src/aruco_detector.cpp.o[0m
[100%] [32m[1mLinking CXX executable aruco_detector_node[0m
[100%] Built target aruco_detector_node
-- Install configuration: ""
-- Installing: /home/oit/ros2_ws/src/install/aruco_vision/lib/aruco_vision/aruco_detector_node
-- Set non-toolchain portion of runtime path of "/home/oit/ros2_ws/src/install/aruco_vision/lib/aruco_vision/aruco_detector_node" to ""
-- Installing: /home/oit/ros2_ws/src/install/aruco_vision/share/ament_index/resource_index/package_run_dependencies/aruco_vision
-- Installing: /home/oit/ros2_ws/src/install/aruco_vision/share/ament_index/resource_index/parent_prefix_path/aruco_vision
-- Installing: /home/oit/ros2_ws/src/install/aruco_vision/share/aruco_vision/environment/ament_prefix_path.sh
-- Installing: /home/oit/ros2_ws/src/install/aruco_vision/share/aruco_vision/environment/ament_prefix_path.dsv
-- Installing: /home/oit/ros2_ws/src/install/aruco_vision/share/aruco_vision/environment/path.sh
-- Installing: /home/oit/ros2_ws/src/install/aruco_vision/share/aruco_vision/environment/path.dsv
-- Installing: /home/oit/ros2_ws/src/install/aruco_vision/share/aruco_vision/local_setup.bash
-- Installing: /home/oit/ros2_ws/src/install/aruco_vision/share/aruco_vision/local_setup.sh
-- Installing: /home/oit/ros2_ws/src/install/aruco_vision/share/aruco_vision/local_setup.zsh
-- Installing: /home/oit/ros2_ws/src/install/aruco_vision/share/aruco_vision/local_setup.dsv
-- Installing: /home/oit/ros2_ws/src/install/aruco_vision/share/aruco_vision/package.dsv
-- Installing: /home/oit/ros2_ws/src/install/aruco_vision/share/ament_index/resource_index/packages/aruco_vision
-- Installing: /home/oit/ros2_ws/src/install/aruco_vision/share/aruco_vision/cmake/aruco_visionConfig.cmake
-- Installing: /home/oit/ros2_ws/src/install/aruco_vision/share/aruco_vision/cmake/aruco_visionConfig-version.cmake
-- Installing: /home/oit/ros2_ws/src/install/aruco_vision/share/aruco_vision/package.xml
