[0.016s] Invoking command in '/home/oit/ros2_ws/src/build/aruco_vision': CMAKE_PREFIX_PATH=${CMAKE_PREFIX_PATH}:/home/oit/ros2_ws/install/py_pubsub:/opt/ros/jazzy DEBUGINFOD_URLS=https://debuginfod.ubuntu.com /usr/bin/cmake /home/oit/ros2_ws/src/aruco_vision -DCMAKE_INSTALL_PREFIX=/home/oit/ros2_ws/src/install/aruco_vision
[0.110s] -- The C compiler identification is GNU 13.3.0
[0.194s] -- The CXX compiler identification is GNU 13.3.0
[0.211s] -- Detecting C compiler ABI info
[0.286s] -- Detecting C compiler ABI info - done
[0.295s] -- Check for working C compiler: /usr/bin/cc - skipped
[0.295s] -- Detecting C compile features
[0.296s] -- Detecting C compile features - done
[0.304s] -- Detecting CXX compiler ABI info
[0.384s] -- Detecting CXX compiler ABI info - done
[0.393s] -- Check for working CXX compiler: /usr/bin/c++ - skipped
[0.394s] -- Detecting CXX compile features
[0.394s] -- Detecting CXX compile features - done
[0.401s] -- Found ament_cmake: 2.5.6 (/opt/ros/jazzy/share/ament_cmake/cmake)
[0.541s] -- Found Python3: /usr/bin/python3 (found version "3.12.3") found components: Interpreter 
[0.667s] -- Found rclcpp: 28.1.18 (/opt/ros/jazzy/share/rclcpp/cmake)
[0.723s] -- Found rosidl_generator_c: 4.6.7 (/opt/ros/jazzy/share/rosidl_generator_c/cmake)
[0.741s] -- Found rosidl_generator_cpp: 4.6.7 (/opt/ros/jazzy/share/rosidl_generator_cpp/cmake)
[0.763s] -- Using all available rosidl_typesupport_c: rosidl_typesupport_fastrtps_c;rosidl_typesupport_introspection_c
[0.787s] -- Using all available rosidl_typesupport_cpp: rosidl_typesupport_fastrtps_cpp;rosidl_typesupport_introspection_cpp
[0.885s] -- Found rmw_implementation_cmake: 7.3.3 (/opt/ros/jazzy/share/rmw_implementation_cmake/cmake)
[0.890s] -- Found rmw_fastrtps_cpp: 8.4.3 (/opt/ros/jazzy/share/rmw_fastrtps_cpp/cmake)
[0.975s] -- Found OpenSSL: /usr/lib/x86_64-linux-gnu/libcrypto.so (found version "3.0.13")  
[0.995s] -- Found FastRTPS: /opt/ros/jazzy/include (Required is at least version "2.13") 
[1.016s] -- Using RMW implementation 'rmw_fastrtps_cpp' as default
[1.110s] -- Found sensor_msgs: 5.3.7 (/opt/ros/jazzy/share/sensor_msgs/cmake)
[1.181s] -- Found cv_bridge: 4.1.0 (/opt/ros/jazzy/share/cv_bridge/cmake)
[1.198s] -- Found image_transport: 5.1.7 (/opt/ros/jazzy/share/image_transport/cmake)
[1.235s] -- Found OpenCV: /usr (found version "4.6.0") 
[1.318s] -- Configuring done (1.3s)
[1.332s] -- Generating done (0.0s)
[1.336s] -- Build files have been written to: /home/oit/ros2_ws/src/build/aruco_vision
[1.344s] Invoked command in '/home/oit/ros2_ws/src/build/aruco_vision' returned '0': CMAKE_PREFIX_PATH=${CMAKE_PREFIX_PATH}:/home/oit/ros2_ws/install/py_pubsub:/opt/ros/jazzy DEBUGINFOD_URLS=https://debuginfod.ubuntu.com /usr/bin/cmake /home/oit/ros2_ws/src/aruco_vision -DCMAKE_INSTALL_PREFIX=/home/oit/ros2_ws/src/install/aruco_vision
[1.345s] Invoking command in '/home/oit/ros2_ws/src/build/aruco_vision': CMAKE_PREFIX_PATH=${CMAKE_PREFIX_PATH}:/home/oit/ros2_ws/install/py_pubsub:/opt/ros/jazzy DEBUGINFOD_URLS=https://debuginfod.ubuntu.com /usr/bin/cmake --build /home/oit/ros2_ws/src/build/aruco_vision -- -j12 -l12
[1.387s] [ 66%] [32mBuilding CXX object CMakeFiles/aruco_detector_node.dir/src/main.cpp.o[0m
[1.387s] [ 66%] [32mBuilding CXX object CMakeFiles/aruco_detector_node.dir/src/aruco_detector.cpp.o[0m
[11.685s] [100%] [32m[1mLinking CXX executable aruco_detector_node[0m
[12.395s] [100%] Built target aruco_detector_node
[12.404s] Invoked command in '/home/oit/ros2_ws/src/build/aruco_vision' returned '0': CMAKE_PREFIX_PATH=${CMAKE_PREFIX_PATH}:/home/oit/ros2_ws/install/py_pubsub:/opt/ros/jazzy DEBUGINFOD_URLS=https://debuginfod.ubuntu.com /usr/bin/cmake --build /home/oit/ros2_ws/src/build/aruco_vision -- -j12 -l12
[12.412s] Invoking command in '/home/oit/ros2_ws/src/build/aruco_vision': CMAKE_PREFIX_PATH=${CMAKE_PREFIX_PATH}:/home/oit/ros2_ws/install/py_pubsub:/opt/ros/jazzy DEBUGINFOD_URLS=https://debuginfod.ubuntu.com /usr/bin/cmake --install /home/oit/ros2_ws/src/build/aruco_vision
[12.419s] -- Install configuration: ""
[12.419s] -- Installing: /home/oit/ros2_ws/src/install/aruco_vision/lib/aruco_vision/aruco_detector_node
[12.423s] -- Set non-toolchain portion of runtime path of "/home/oit/ros2_ws/src/install/aruco_vision/lib/aruco_vision/aruco_detector_node" to ""
[12.423s] -- Installing: /home/oit/ros2_ws/src/install/aruco_vision/share/ament_index/resource_index/package_run_dependencies/aruco_vision
[12.423s] -- Installing: /home/oit/ros2_ws/src/install/aruco_vision/share/ament_index/resource_index/parent_prefix_path/aruco_vision
[12.424s] -- Installing: /home/oit/ros2_ws/src/install/aruco_vision/share/aruco_vision/environment/ament_prefix_path.sh
[12.424s] -- Installing: /home/oit/ros2_ws/src/install/aruco_vision/share/aruco_vision/environment/ament_prefix_path.dsv
[12.424s] -- Installing: /home/oit/ros2_ws/src/install/aruco_vision/share/aruco_vision/environment/path.sh
[12.424s] -- Installing: /home/oit/ros2_ws/src/install/aruco_vision/share/aruco_vision/environment/path.dsv
[12.424s] -- Installing: /home/oit/ros2_ws/src/install/aruco_vision/share/aruco_vision/local_setup.bash
[12.424s] -- Installing: /home/oit/ros2_ws/src/install/aruco_vision/share/aruco_vision/local_setup.sh
[12.424s] -- Installing: /home/oit/ros2_ws/src/install/aruco_vision/share/aruco_vision/local_setup.zsh
[12.425s] -- Installing: /home/oit/ros2_ws/src/install/aruco_vision/share/aruco_vision/local_setup.dsv
[12.425s] -- Installing: /home/oit/ros2_ws/src/install/aruco_vision/share/aruco_vision/package.dsv
[12.425s] -- Installing: /home/oit/ros2_ws/src/install/aruco_vision/share/ament_index/resource_index/packages/aruco_vision
[12.425s] -- Installing: /home/oit/ros2_ws/src/install/aruco_vision/share/aruco_vision/cmake/aruco_visionConfig.cmake
[12.425s] -- Installing: /home/oit/ros2_ws/src/install/aruco_vision/share/aruco_vision/cmake/aruco_visionConfig-version.cmake
[12.426s] -- Installing: /home/oit/ros2_ws/src/install/aruco_vision/share/aruco_vision/package.xml
[12.427s] Invoked command in '/home/oit/ros2_ws/src/build/aruco_vision' returned '0': CMAKE_PREFIX_PATH=${CMAKE_PREFIX_PATH}:/home/oit/ros2_ws/install/py_pubsub:/opt/ros/jazzy DEBUGINFOD_URLS=https://debuginfod.ubuntu.com /usr/bin/cmake --install /home/oit/ros2_ws/src/build/aruco_vision
