[0.902s] Invoking command in '/home/oit/ros2_ws/src/py_pubsub': DEBUGINFOD_URLS=https://debuginfod.ubuntu.com PYTHONPATH=/home/oit/ros2_ws/src/build/py_pubsub/prefix_override:/usr/lib/python3/dist-packages/colcon_core/task/python/colcon_distutils_commands:/home/oit/ros2_ws/src/install/py_pubsub/lib/python3.12/site-packages:${PYTHONPATH} /usr/bin/python3 -W ignore:setup.py install is deprecated -W ignore:easy_install command is deprecated setup.py egg_info --egg-base ../build/py_pubsub build --build-base /home/oit/ros2_ws/src/build/py_pubsub/build install --record /home/oit/ros2_ws/src/build/py_pubsub/install.log --single-version-externally-managed install_data
[1.162s] running egg_info
[1.162s] creating ../build/py_pubsub/py_pubsub.egg-info
[1.182s] writing ../build/py_pubsub/py_pubsub.egg-info/PKG-INFO
[1.182s] writing dependency_links to ../build/py_pubsub/py_pubsub.egg-info/dependency_links.txt
[1.183s] writing entry points to ../build/py_pubsub/py_pubsub.egg-info/entry_points.txt
[1.183s] writing requirements to ../build/py_pubsub/py_pubsub.egg-info/requires.txt
[1.183s] writing top-level names to ../build/py_pubsub/py_pubsub.egg-info/top_level.txt
[1.183s] writing manifest file '../build/py_pubsub/py_pubsub.egg-info/SOURCES.txt'
[1.224s] reading manifest file '../build/py_pubsub/py_pubsub.egg-info/SOURCES.txt'
[1.225s] writing manifest file '../build/py_pubsub/py_pubsub.egg-info/SOURCES.txt'
[1.225s] running build
[1.225s] running build_py
[1.226s] creating /home/oit/ros2_ws/src/build/py_pubsub/build
[1.226s] creating /home/oit/ros2_ws/src/build/py_pubsub/build/lib
[1.226s] creating /home/oit/ros2_ws/src/build/py_pubsub/build/lib/py_pubsub
[1.226s] copying py_pubsub/publisher_member_function.py -> /home/oit/ros2_ws/src/build/py_pubsub/build/lib/py_pubsub
[1.226s] copying py_pubsub/subscriber_member_function.py -> /home/oit/ros2_ws/src/build/py_pubsub/build/lib/py_pubsub
[1.226s] copying py_pubsub/__init__.py -> /home/oit/ros2_ws/src/build/py_pubsub/build/lib/py_pubsub
[1.226s] running install
[1.232s] running install_lib
[1.253s] creating /home/oit/ros2_ws/src/install/py_pubsub/lib/python3.12/site-packages/py_pubsub
[1.253s] copying /home/oit/ros2_ws/src/build/py_pubsub/build/lib/py_pubsub/publisher_member_function.py -> /home/oit/ros2_ws/src/install/py_pubsub/lib/python3.12/site-packages/py_pubsub
[1.253s] copying /home/oit/ros2_ws/src/build/py_pubsub/build/lib/py_pubsub/subscriber_member_function.py -> /home/oit/ros2_ws/src/install/py_pubsub/lib/python3.12/site-packages/py_pubsub
[1.254s] copying /home/oit/ros2_ws/src/build/py_pubsub/build/lib/py_pubsub/__init__.py -> /home/oit/ros2_ws/src/install/py_pubsub/lib/python3.12/site-packages/py_pubsub
[1.254s] byte-compiling /home/oit/ros2_ws/src/install/py_pubsub/lib/python3.12/site-packages/py_pubsub/publisher_member_function.py to publisher_member_function.cpython-312.pyc
[1.254s] byte-compiling /home/oit/ros2_ws/src/install/py_pubsub/lib/python3.12/site-packages/py_pubsub/subscriber_member_function.py to subscriber_member_function.cpython-312.pyc
[1.255s] byte-compiling /home/oit/ros2_ws/src/install/py_pubsub/lib/python3.12/site-packages/py_pubsub/__init__.py to __init__.cpython-312.pyc
[1.255s] running install_data
[1.255s] creating /home/oit/ros2_ws/src/install/py_pubsub/share/ament_index
[1.255s] creating /home/oit/ros2_ws/src/install/py_pubsub/share/ament_index/resource_index
[1.255s] creating /home/oit/ros2_ws/src/install/py_pubsub/share/ament_index/resource_index/packages
[1.256s] copying resource/py_pubsub -> /home/oit/ros2_ws/src/install/py_pubsub/share/ament_index/resource_index/packages
[1.256s] copying package.xml -> /home/oit/ros2_ws/src/install/py_pubsub/share/py_pubsub
[1.256s] creating /home/oit/ros2_ws/src/install/py_pubsub/share/py_pubsub/launch
[1.256s] copying launch/camera_launch.py -> /home/oit/ros2_ws/src/install/py_pubsub/share/py_pubsub/launch
[1.256s] running install_egg_info
[1.277s] Copying ../build/py_pubsub/py_pubsub.egg-info to /home/oit/ros2_ws/src/install/py_pubsub/lib/python3.12/site-packages/py_pubsub-0.0.0-py3.12.egg-info
[1.278s] running install_scripts
[1.415s] Installing listener script to /home/oit/ros2_ws/src/install/py_pubsub/lib/py_pubsub
[1.416s] Installing talker script to /home/oit/ros2_ws/src/install/py_pubsub/lib/py_pubsub
[1.416s] writing list of installed files to '/home/oit/ros2_ws/src/build/py_pubsub/install.log'
[1.437s] Invoked command in '/home/oit/ros2_ws/src/py_pubsub' returned '0': DEBUGINFOD_URLS=https://debuginfod.ubuntu.com PYTHONPATH=/home/oit/ros2_ws/src/build/py_pubsub/prefix_override:/usr/lib/python3/dist-packages/colcon_core/task/python/colcon_distutils_commands:/home/oit/ros2_ws/src/install/py_pubsub/lib/python3.12/site-packages:${PYTHONPATH} /usr/bin/python3 -W ignore:setup.py install is deprecated -W ignore:easy_install command is deprecated setup.py egg_info --egg-base ../build/py_pubsub build --build-base /home/oit/ros2_ws/src/build/py_pubsub/build install --record /home/oit/ros2_ws/src/build/py_pubsub/install.log --single-version-externally-managed install_data
